{"level":30,"time":1759904418289,"pid":5992,"hostname":"Leonardo","msg":"Server listen on port: 5432 in development mode"}
{"level":30,"time":1759904418289,"pid":5992,"hostname":"Leonardo","msg":"http://localhost:5432"}
{"level":50,"time":1759904418323,"pid":5992,"hostname":"Leonardo","msg":"Error connecting Prisma to the database","error":"Can't reach database server at `localhost:5432`\n\nPlease make sure your database server is running at `localhost:5432`.","stack":"PrismaClientInitializationError: Can't reach database server at `localhost:5432`\n\nPlease make sure your database server is running at `localhost:5432`.\n    at r (C:\\Users\\laec1\\OneDrive\\Escritorio\\JAVASCRIPT\\TS-WORKSHOP02-main.updated\\TS-WORKSHOP02-main\\prisma\\generated\\prisma\\runtime\\library.js:115:2770)\n    at async ServerBootstrap.dbConnection (C:\\Users\\laec1\\OneDrive\\Escritorio\\JAVASCRIPT\\TS-WORKSHOP02-main.updated\\TS-WORKSHOP02-main\\src\\config\\ServerBootstrap.ts:48:13)\n    at async Server.<anonymous> (C:\\Users\\laec1\\OneDrive\\Escritorio\\JAVASCRIPT\\TS-WORKSHOP02-main.updated\\TS-WORKSHOP02-main\\src\\config\\ServerBootstrap.ts:42:13)"}
{"level":30,"time":1759904433581,"pid":6200,"hostname":"Leonardo","msg":"Server listen on port: 5432 in development mode"}
{"level":30,"time":1759904433582,"pid":6200,"hostname":"Leonardo","msg":"http://localhost:5432"}
{"level":50,"time":1759904433600,"pid":6200,"hostname":"Leonardo","msg":"Error connecting Prisma to the database","error":"Can't reach database server at `localhost:5432`\n\nPlease make sure your database server is running at `localhost:5432`.","stack":"PrismaClientInitializationError: Can't reach database server at `localhost:5432`\n\nPlease make sure your database server is running at `localhost:5432`.\n    at r (C:\\Users\\laec1\\OneDrive\\Escritorio\\JAVASCRIPT\\TS-WORKSHOP02-main.updated\\TS-WORKSHOP02-main\\prisma\\generated\\prisma\\runtime\\library.js:115:2770)\n    at async ServerBootstrap.dbConnection (C:\\Users\\laec1\\OneDrive\\Escritorio\\JAVASCRIPT\\TS-WORKSHOP02-main.updated\\TS-WORKSHOP02-main\\src\\config\\ServerBootstrap.ts:48:13)\n    at async Server.<anonymous> (C:\\Users\\laec1\\OneDrive\\Escritorio\\JAVASCRIPT\\TS-WORKSHOP02-main.updated\\TS-WORKSHOP02-main\\src\\config\\ServerBootstrap.ts:42:13)"}
{"level":30,"time":1759905642038,"pid":18348,"hostname":"Leonardo","msg":"Server listen on port: 5432 in development mode"}
{"level":30,"time":1759905642038,"pid":18348,"hostname":"Leonardo","msg":"http://localhost:5432"}
{"level":50,"time":1759905642071,"pid":18348,"hostname":"Leonardo","msg":"Error connecting Prisma to the database","error":"Can't reach database server at `localhost:5432`\n\nPlease make sure your database server is running at `localhost:5432`.","stack":"PrismaClientInitializationError: Can't reach database server at `localhost:5432`\n\nPlease make sure your database server is running at `localhost:5432`.\n    at r (C:\\Users\\laec1\\OneDrive\\Escritorio\\JAVASCRIPT\\TS-WORKSHOP02-main.updated\\TS-WORKSHOP02-main\\prisma\\generated\\prisma\\runtime\\library.js:115:2770)\n    at async ServerBootstrap.dbConnection (C:\\Users\\laec1\\OneDrive\\Escritorio\\JAVASCRIPT\\TS-WORKSHOP02-main.updated\\TS-WORKSHOP02-main\\src\\config\\ServerBootstrap.ts:48:13)\n    at async Server.<anonymous> (C:\\Users\\laec1\\OneDrive\\Escritorio\\JAVASCRIPT\\TS-WORKSHOP02-main.updated\\TS-WORKSHOP02-main\\src\\config\\ServerBootstrap.ts:42:13)"}
{"level":30,"time":1759905849182,"pid":3316,"hostname":"Leonardo","msg":"Server listen on port: 3000 in development mode"}
{"level":30,"time":1759905849183,"pid":3316,"hostname":"Leonardo","msg":"http://localhost:3000"}
{"level":30,"time":1759905849219,"pid":3316,"hostname":"Leonardo","msg":"Prisma connected to the database"}
{"level":30,"time":1759908899393,"pid":37496,"hostname":"Leonardo","msg":"Server listen on port: 3000 in development mode"}
{"level":30,"time":1759908899394,"pid":37496,"hostname":"Leonardo","msg":"http://localhost:3000"}
{"level":30,"time":1759908899442,"pid":37496,"hostname":"Leonardo","msg":"Prisma connected to the database"}
{"level":30,"time":1759908905028,"pid":37496,"hostname":"Leonardo","msg":"Prisma disconnected on SIGINT"}
{"level":30,"time":1759908913143,"pid":23004,"hostname":"Leonardo","msg":"Server listen on port: 3000 in development mode"}
{"level":30,"time":1759908913144,"pid":23004,"hostname":"Leonardo","msg":"http://localhost:3000"}
{"level":30,"time":1759908913166,"pid":23004,"hostname":"Leonardo","msg":"Prisma connected to the database"}
{"level":30,"time":1759908923820,"pid":23004,"hostname":"Leonardo","msg":"Prisma disconnected on SIGINT"}
{"level":30,"time":1761711900376,"pid":31000,"hostname":"Leonardo","msg":"Server listen on port: 3000 in development mode"}
{"level":30,"time":1761711900377,"pid":31000,"hostname":"Leonardo","msg":"http://localhost:3000"}
{"level":50,"time":1761711900579,"pid":31000,"hostname":"Leonardo","msg":"Error connecting Prisma to the database","error":"Authentication failed against database server, the provided database credentials for `(not available)` are not valid.\n\nPlease make sure to provide valid database credentials for the database server at the configured address.","stack":"PrismaClientInitializationError: Authentication failed against database server, the provided database credentials for `(not available)` are not valid.\n\nPlease make sure to provide valid database credentials for the database server at the configured address.\n    at r (C:\\Users\\laec1\\OneDrive\\Escritorio\\JS-TP-WORK\\TS-WORKSHOP02-main-completed\\TS-WORKSHOP02-main\\prisma\\generated\\prisma\\runtime\\library.js:115:2770)\n    at async ServerBootstrap.dbConnection (C:\\Users\\laec1\\OneDrive\\Escritorio\\JS-TP-WORK\\TS-WORKSHOP02-main-completed\\TS-WORKSHOP02-main\\src\\config\\ServerBootstrap.ts:53:13)\n    at async Server.<anonymous> (C:\\Users\\laec1\\OneDrive\\Escritorio\\JS-TP-WORK\\TS-WORKSHOP02-main-completed\\TS-WORKSHOP02-main\\src\\config\\ServerBootstrap.ts:47:13)"}
{"level":30,"time":1761711958680,"pid":3164,"hostname":"Leonardo","msg":"Server listen on port: 3000 in development mode"}
{"level":30,"time":1761711958681,"pid":3164,"hostname":"Leonardo","msg":"http://localhost:3000"}
{"level":50,"time":1761711958849,"pid":3164,"hostname":"Leonardo","msg":"Error connecting Prisma to the database","error":"Authentication failed against database server, the provided database credentials for `(not available)` are not valid.\n\nPlease make sure to provide valid database credentials for the database server at the configured address.","stack":"PrismaClientInitializationError: Authentication failed against database server, the provided database credentials for `(not available)` are not valid.\n\nPlease make sure to provide valid database credentials for the database server at the configured address.\n    at r (C:\\Users\\laec1\\OneDrive\\Escritorio\\JS-TP-WORK\\TS-WORKSHOP02-main-completed\\TS-WORKSHOP02-main\\prisma\\generated\\prisma\\runtime\\library.js:115:2770)\n    at async ServerBootstrap.dbConnection (C:\\Users\\laec1\\OneDrive\\Escritorio\\JS-TP-WORK\\TS-WORKSHOP02-main-completed\\TS-WORKSHOP02-main\\src\\config\\ServerBootstrap.ts:53:13)\n    at async Server.<anonymous> (C:\\Users\\laec1\\OneDrive\\Escritorio\\JS-TP-WORK\\TS-WORKSHOP02-main-completed\\TS-WORKSHOP02-main\\src\\config\\ServerBootstrap.ts:47:13)"}
{"level":30,"time":1761712041611,"pid":28332,"hostname":"Leonardo","msg":"Server listen on port: 3000 in development mode"}
{"level":30,"time":1761712041611,"pid":28332,"hostname":"Leonardo","msg":"http://localhost:3000"}
{"level":50,"time":1761712041904,"pid":28332,"hostname":"Leonardo","msg":"Error connecting Prisma to the database","error":"Authentication failed against database server, the provided database credentials for `(not available)` are not valid.\n\nPlease make sure to provide valid database credentials for the database server at the configured address.","stack":"PrismaClientInitializationError: Authentication failed against database server, the provided database credentials for `(not available)` are not valid.\n\nPlease make sure to provide valid database credentials for the database server at the configured address.\n    at r (C:\\Users\\laec1\\OneDrive\\Escritorio\\JS-TP-WORK\\TS-WORKSHOP02-main-completed\\TS-WORKSHOP02-main\\prisma\\generated\\prisma\\runtime\\library.js:115:2770)\n    at async ServerBootstrap.dbConnection (C:\\Users\\laec1\\OneDrive\\Escritorio\\JS-TP-WORK\\TS-WORKSHOP02-main-completed\\TS-WORKSHOP02-main\\src\\config\\ServerBootstrap.ts:52:13)\n    at async Server.<anonymous> (C:\\Users\\laec1\\OneDrive\\Escritorio\\JS-TP-WORK\\TS-WORKSHOP02-main-completed\\TS-WORKSHOP02-main\\src\\config\\ServerBootstrap.ts:46:13)"}
{"level":30,"time":1761712058079,"pid":30976,"hostname":"Leonardo","msg":"Server listen on port: 3000 in development mode"}
{"level":30,"time":1761712058079,"pid":30976,"hostname":"Leonardo","msg":"http://localhost:3000"}
{"level":50,"time":1761712058217,"pid":30976,"hostname":"Leonardo","msg":"Error connecting Prisma to the database","error":"Authentication failed against database server, the provided database credentials for `(not available)` are not valid.\n\nPlease make sure to provide valid database credentials for the database server at the configured address.","stack":"PrismaClientInitializationError: Authentication failed against database server, the provided database credentials for `(not available)` are not valid.\n\nPlease make sure to provide valid database credentials for the database server at the configured address.\n    at r (C:\\Users\\laec1\\OneDrive\\Escritorio\\JS-TP-WORK\\TS-WORKSHOP02-main-completed\\TS-WORKSHOP02-main\\prisma\\generated\\prisma\\runtime\\library.js:115:2770)\n    at async ServerBootstrap.dbConnection (C:\\Users\\laec1\\OneDrive\\Escritorio\\JS-TP-WORK\\TS-WORKSHOP02-main-completed\\TS-WORKSHOP02-main\\src\\config\\ServerBootstrap.ts:52:13)\n    at async Server.<anonymous> (C:\\Users\\laec1\\OneDrive\\Escritorio\\JS-TP-WORK\\TS-WORKSHOP02-main-completed\\TS-WORKSHOP02-main\\src\\config\\ServerBootstrap.ts:46:13)"}
{"level":30,"time":1761712072589,"pid":31572,"hostname":"Leonardo","msg":"Server listen on port: 3000 in development mode"}
{"level":30,"time":1761712072590,"pid":31572,"hostname":"Leonardo","msg":"http://localhost:3000"}
{"level":50,"time":1761712072739,"pid":31572,"hostname":"Leonardo","msg":"Error connecting Prisma to the database","error":"Authentication failed against database server, the provided database credentials for `(not available)` are not valid.\n\nPlease make sure to provide valid database credentials for the database server at the configured address.","stack":"PrismaClientInitializationError: Authentication failed against database server, the provided database credentials for `(not available)` are not valid.\n\nPlease make sure to provide valid database credentials for the database server at the configured address.\n    at r (C:\\Users\\laec1\\OneDrive\\Escritorio\\JS-TP-WORK\\TS-WORKSHOP02-main-completed\\TS-WORKSHOP02-main\\prisma\\generated\\prisma\\runtime\\library.js:115:2770)\n    at async ServerBootstrap.dbConnection (C:\\Users\\laec1\\OneDrive\\Escritorio\\JS-TP-WORK\\TS-WORKSHOP02-main-completed\\TS-WORKSHOP02-main\\src\\config\\ServerBootstrap.ts:52:13)\n    at async Server.<anonymous> (C:\\Users\\laec1\\OneDrive\\Escritorio\\JS-TP-WORK\\TS-WORKSHOP02-main-completed\\TS-WORKSHOP02-main\\src\\config\\ServerBootstrap.ts:46:13)"}
{"level":30,"time":1761712128848,"pid":31480,"hostname":"Leonardo","msg":"Server listen on port: 3000 in development mode"}
{"level":30,"time":1761712128848,"pid":31480,"hostname":"Leonardo","msg":"http://localhost:3000"}
{"level":50,"time":1761712129081,"pid":31480,"hostname":"Leonardo","msg":"Error connecting Prisma to the database","error":"Authentication failed against database server, the provided database credentials for `(not available)` are not valid.\n\nPlease make sure to provide valid database credentials for the database server at the configured address.","stack":"PrismaClientInitializationError: Authentication failed against database server, the provided database credentials for `(not available)` are not valid.\n\nPlease make sure to provide valid database credentials for the database server at the configured address.\n    at r (C:\\Users\\laec1\\OneDrive\\Escritorio\\JS-TP-WORK\\TS-WORKSHOP02-main-completed\\TS-WORKSHOP02-main\\prisma\\generated\\prisma\\runtime\\library.js:115:2770)\n    at async ServerBootstrap.dbConnection (C:\\Users\\laec1\\OneDrive\\Escritorio\\JS-TP-WORK\\TS-WORKSHOP02-main-completed\\TS-WORKSHOP02-main\\src\\config\\ServerBootstrap.ts:52:13)\n    at async Server.<anonymous> (C:\\Users\\laec1\\OneDrive\\Escritorio\\JS-TP-WORK\\TS-WORKSHOP02-main-completed\\TS-WORKSHOP02-main\\src\\config\\ServerBootstrap.ts:46:13)"}
{"level":30,"time":1761712156600,"pid":23208,"hostname":"Leonardo","msg":"Server listen on port: 3000 in development mode"}
{"level":30,"time":1761712156601,"pid":23208,"hostname":"Leonardo","msg":"http://localhost:3000"}
{"level":50,"time":1761712156734,"pid":23208,"hostname":"Leonardo","msg":"Error connecting Prisma to the database","error":"Authentication failed against database server, the provided database credentials for `(not available)` are not valid.\n\nPlease make sure to provide valid database credentials for the database server at the configured address.","stack":"PrismaClientInitializationError: Authentication failed against database server, the provided database credentials for `(not available)` are not valid.\n\nPlease make sure to provide valid database credentials for the database server at the configured address.\n    at r (C:\\Users\\laec1\\OneDrive\\Escritorio\\JS-TP-WORK\\TS-WORKSHOP02-main-completed\\TS-WORKSHOP02-main\\prisma\\generated\\prisma\\runtime\\library.js:115:2770)\n    at async ServerBootstrap.dbConnection (C:\\Users\\laec1\\OneDrive\\Escritorio\\JS-TP-WORK\\TS-WORKSHOP02-main-completed\\TS-WORKSHOP02-main\\src\\config\\ServerBootstrap.ts:52:13)\n    at async Server.<anonymous> (C:\\Users\\laec1\\OneDrive\\Escritorio\\JS-TP-WORK\\TS-WORKSHOP02-main-completed\\TS-WORKSHOP02-main\\src\\config\\ServerBootstrap.ts:46:13)"}
{"level":30,"time":1761712361243,"pid":29904,"hostname":"Leonardo","msg":"Server listen on port: 3000 in development mode"}
{"level":30,"time":1761712361244,"pid":29904,"hostname":"Leonardo","msg":"http://localhost:3000"}
{"level":50,"time":1761712361411,"pid":29904,"hostname":"Leonardo","msg":"Error connecting Prisma to the database","error":"Authentication failed against database server, the provided database credentials for `(not available)` are not valid.\n\nPlease make sure to provide valid database credentials for the database server at the configured address.","stack":"PrismaClientInitializationError: Authentication failed against database server, the provided database credentials for `(not available)` are not valid.\n\nPlease make sure to provide valid database credentials for the database server at the configured address.\n    at r (C:\\Users\\laec1\\OneDrive\\Escritorio\\JS-TP-WORK\\TS-WORKSHOP02-main-completed\\TS-WORKSHOP02-main\\prisma\\generated\\prisma\\runtime\\library.js:115:2770)\n    at async ServerBootstrap.dbConnection (C:\\Users\\laec1\\OneDrive\\Escritorio\\JS-TP-WORK\\TS-WORKSHOP02-main-completed\\TS-WORKSHOP02-main\\src\\config\\ServerBootstrap.ts:52:13)\n    at async Server.<anonymous> (C:\\Users\\laec1\\OneDrive\\Escritorio\\JS-TP-WORK\\TS-WORKSHOP02-main-completed\\TS-WORKSHOP02-main\\src\\config\\ServerBootstrap.ts:46:13)"}
{"level":30,"time":1761712459871,"pid":30308,"hostname":"Leonardo","msg":"Server listen on port: 3000 in development mode"}
{"level":30,"time":1761712459875,"pid":30308,"hostname":"Leonardo","msg":"http://localhost:3000"}
{"level":50,"time":1761712460264,"pid":30308,"hostname":"Leonardo","msg":"Error connecting Prisma to the database","error":"Authentication failed against database server, the provided database credentials for `(not available)` are not valid.\n\nPlease make sure to provide valid database credentials for the database server at the configured address.","stack":"PrismaClientInitializationError: Authentication failed against database server, the provided database credentials for `(not available)` are not valid.\n\nPlease make sure to provide valid database credentials for the database server at the configured address.\n    at r (C:\\Users\\laec1\\OneDrive\\Escritorio\\JS-TP-WORK\\TS-WORKSHOP02-main-completed\\TS-WORKSHOP02-main\\prisma\\generated\\prisma\\runtime\\library.js:115:2770)\n    at async ServerBootstrap.dbConnection (C:\\Users\\laec1\\OneDrive\\Escritorio\\JS-TP-WORK\\TS-WORKSHOP02-main-completed\\TS-WORKSHOP02-main\\src\\config\\ServerBootstrap.ts:48:13)\n    at async Server.<anonymous> (C:\\Users\\laec1\\OneDrive\\Escritorio\\JS-TP-WORK\\TS-WORKSHOP02-main-completed\\TS-WORKSHOP02-main\\src\\config\\ServerBootstrap.ts:42:13)"}
{"level":30,"time":1761712496512,"pid":14432,"hostname":"Leonardo","msg":"Server listen on port: 3000 in development mode"}
{"level":30,"time":1761712496512,"pid":14432,"hostname":"Leonardo","msg":"http://localhost:3000"}
{"level":50,"time":1761712496719,"pid":14432,"hostname":"Leonardo","msg":"Error connecting Prisma to the database","error":"Authentication failed against database server, the provided database credentials for `(not available)` are not valid.\n\nPlease make sure to provide valid database credentials for the database server at the configured address.","stack":"PrismaClientInitializationError: Authentication failed against database server, the provided database credentials for `(not available)` are not valid.\n\nPlease make sure to provide valid database credentials for the database server at the configured address.\n    at r (C:\\Users\\laec1\\OneDrive\\Escritorio\\JS-TP-WORK\\TS-WORKSHOP02-main-completed\\TS-WORKSHOP02-main\\prisma\\generated\\prisma\\runtime\\library.js:115:2770)\n    at async ServerBootstrap.dbConnection (C:\\Users\\laec1\\OneDrive\\Escritorio\\JS-TP-WORK\\TS-WORKSHOP02-main-completed\\TS-WORKSHOP02-main\\src\\config\\ServerBootstrap.ts:48:13)\n    at async Server.<anonymous> (C:\\Users\\laec1\\OneDrive\\Escritorio\\JS-TP-WORK\\TS-WORKSHOP02-main-completed\\TS-WORKSHOP02-main\\src\\config\\ServerBootstrap.ts:42:13)"}
{"level":30,"time":1761713266503,"pid":30368,"hostname":"Leonardo","msg":"Server listen on port: 3000 in development mode"}
{"level":30,"time":1761713266503,"pid":30368,"hostname":"Leonardo","msg":"http://localhost:3000"}
{"level":50,"time":1761713266707,"pid":30368,"hostname":"Leonardo","msg":"Error connecting Prisma to the database","error":"Authentication failed against database server, the provided database credentials for `(not available)` are not valid.\n\nPlease make sure to provide valid database credentials for the database server at the configured address.","stack":"PrismaClientInitializationError: Authentication failed against database server, the provided database credentials for `(not available)` are not valid.\n\nPlease make sure to provide valid database credentials for the database server at the configured address.\n    at r (C:\\Users\\laec1\\OneDrive\\Escritorio\\JS-TP-WORK\\TS-WORKSHOP02-main-completed\\TS-WORKSHOP02-main\\prisma\\generated\\prisma\\runtime\\library.js:115:2770)\n    at async ServerBootstrap.dbConnection (C:\\Users\\laec1\\OneDrive\\Escritorio\\JS-TP-WORK\\TS-WORKSHOP02-main-completed\\TS-WORKSHOP02-main\\src\\config\\ServerBootstrap.ts:48:13)\n    at async Server.<anonymous> (C:\\Users\\laec1\\OneDrive\\Escritorio\\JS-TP-WORK\\TS-WORKSHOP02-main-completed\\TS-WORKSHOP02-main\\src\\config\\ServerBootstrap.ts:42:13)"}
{"level":30,"time":1761713453181,"pid":36552,"hostname":"Leonardo","msg":"Server listen on port: 3000 in development mode"}
{"level":30,"time":1761713453182,"pid":36552,"hostname":"Leonardo","msg":"http://localhost:3000"}
{"level":50,"time":1761713453374,"pid":36552,"hostname":"Leonardo","msg":"Error connecting Prisma to the database","error":"Authentication failed against database server, the provided database credentials for `(not available)` are not valid.\n\nPlease make sure to provide valid database credentials for the database server at the configured address.","stack":"PrismaClientInitializationError: Authentication failed against database server, the provided database credentials for `(not available)` are not valid.\n\nPlease make sure to provide valid database credentials for the database server at the configured address.\n    at r (C:\\Users\\laec1\\OneDrive\\Escritorio\\JS-TP-WORK\\TS-WORKSHOP02-main-completed\\TS-WORKSHOP02-main\\prisma\\generated\\prisma\\runtime\\library.js:115:2770)\n    at async ServerBootstrap.dbConnection (C:\\Users\\laec1\\OneDrive\\Escritorio\\JS-TP-WORK\\TS-WORKSHOP02-main-completed\\TS-WORKSHOP02-main\\src\\config\\ServerBootstrap.ts:48:13)\n    at async Server.<anonymous> (C:\\Users\\laec1\\OneDrive\\Escritorio\\JS-TP-WORK\\TS-WORKSHOP02-main-completed\\TS-WORKSHOP02-main\\src\\config\\ServerBootstrap.ts:42:13)"}
{"level":30,"time":1761713490523,"pid":36484,"hostname":"Leonardo","msg":"Server listen on port: 3000 in development mode"}
{"level":30,"time":1761713490523,"pid":36484,"hostname":"Leonardo","msg":"http://localhost:3000"}
{"level":50,"time":1761713490654,"pid":36484,"hostname":"Leonardo","msg":"Error connecting Prisma to the database","error":"Authentication failed against database server, the provided database credentials for `(not available)` are not valid.\n\nPlease make sure to provide valid database credentials for the database server at the configured address.","stack":"PrismaClientInitializationError: Authentication failed against database server, the provided database credentials for `(not available)` are not valid.\n\nPlease make sure to provide valid database credentials for the database server at the configured address.\n    at r (C:\\Users\\laec1\\OneDrive\\Escritorio\\JS-TP-WORK\\TS-WORKSHOP02-main-completed\\TS-WORKSHOP02-main\\prisma\\generated\\prisma\\runtime\\library.js:115:2770)\n    at async ServerBootstrap.dbConnection (C:\\Users\\laec1\\OneDrive\\Escritorio\\JS-TP-WORK\\TS-WORKSHOP02-main-completed\\TS-WORKSHOP02-main\\src\\config\\ServerBootstrap.ts:48:13)\n    at async Server.<anonymous> (C:\\Users\\laec1\\OneDrive\\Escritorio\\JS-TP-WORK\\TS-WORKSHOP02-main-completed\\TS-WORKSHOP02-main\\src\\config\\ServerBootstrap.ts:42:13)"}
{"level":30,"time":1761713604995,"pid":35348,"hostname":"Leonardo","msg":"Server listen on port: 3000 in development mode"}
{"level":30,"time":1761713604998,"pid":35348,"hostname":"Leonardo","msg":"http://localhost:3000"}
{"level":50,"time":1761713605294,"pid":35348,"hostname":"Leonardo","msg":"Error connecting Prisma to the database","error":"Authentication failed against database server, the provided database credentials for `(not available)` are not valid.\n\nPlease make sure to provide valid database credentials for the database server at the configured address.","stack":"PrismaClientInitializationError: Authentication failed against database server, the provided database credentials for `(not available)` are not valid.\n\nPlease make sure to provide valid database credentials for the database server at the configured address.\n    at r (C:\\Users\\laec1\\OneDrive\\Escritorio\\JS-TP-WORK\\TS-WORKSHOP02-main-completed\\TS-WORKSHOP02-main\\prisma\\generated\\prisma\\runtime\\library.js:115:2770)\n    at async ServerBootstrap.dbConnection (C:\\Users\\laec1\\OneDrive\\Escritorio\\JS-TP-WORK\\TS-WORKSHOP02-main-completed\\TS-WORKSHOP02-main\\src\\config\\ServerBootstrap.ts:48:13)\n    at async Server.<anonymous> (C:\\Users\\laec1\\OneDrive\\Escritorio\\JS-TP-WORK\\TS-WORKSHOP02-main-completed\\TS-WORKSHOP02-main\\src\\config\\ServerBootstrap.ts:42:13)"}
{"level":30,"time":1761713684749,"pid":29484,"hostname":"Leonardo","msg":"Server listen on port: 3000 in development mode"}
{"level":30,"time":1761713684749,"pid":29484,"hostname":"Leonardo","msg":"http://localhost:3000"}
{"level":30,"time":1761713684792,"pid":29484,"hostname":"Leonardo","msg":"Prisma connected to the database"}
{"level":30,"time":1761714697375,"pid":34468,"hostname":"Leonardo","msg":"Server listen on port: 3000 in development mode"}
{"level":30,"time":1761714697375,"pid":34468,"hostname":"Leonardo","msg":"http://localhost:3000"}
{"level":30,"time":1761714697417,"pid":34468,"hostname":"Leonardo","msg":"Prisma connected to the database"}
{"level":30,"time":1761714714717,"pid":35812,"hostname":"Leonardo","msg":"Server listen on port: 3000 in development mode"}
{"level":30,"time":1761714714718,"pid":35812,"hostname":"Leonardo","msg":"http://localhost:3000"}
{"level":30,"time":1761714714758,"pid":35812,"hostname":"Leonardo","msg":"Prisma connected to the database"}
{"level":30,"time":1761715315775,"pid":32304,"hostname":"Leonardo","msg":"Server listen on port: 3000 in development mode"}
{"level":30,"time":1761715315775,"pid":32304,"hostname":"Leonardo","msg":"http://localhost:3000"}
{"level":30,"time":1761715315812,"pid":32304,"hostname":"Leonardo","msg":"Prisma connected to the database"}
{"level":30,"time":1761715359544,"pid":36680,"hostname":"Leonardo","msg":"Server listen on port: 3000 in development mode"}
{"level":30,"time":1761715359545,"pid":36680,"hostname":"Leonardo","msg":"http://localhost:3000"}
{"level":30,"time":1761715359568,"pid":36680,"hostname":"Leonardo","msg":"Prisma connected to the database"}
{"level":30,"time":1761715625076,"pid":31344,"hostname":"Leonardo","msg":"Server listen on port: 3000 in development mode"}
{"level":30,"time":1761715625077,"pid":31344,"hostname":"Leonardo","msg":"http://localhost:3000"}
{"level":30,"time":1761715625222,"pid":31344,"hostname":"Leonardo","msg":"Prisma connected to the database"}
{"level":30,"time":1761715643669,"pid":29596,"hostname":"Leonardo","msg":"Server listen on port: 3000 in development mode"}
{"level":30,"time":1761715643670,"pid":29596,"hostname":"Leonardo","msg":"http://localhost:3000"}
{"level":30,"time":1761715643698,"pid":29596,"hostname":"Leonardo","msg":"Prisma connected to the database"}
{"level":30,"time":1761715663066,"pid":26024,"hostname":"Leonardo","msg":"Server listen on port: 3000 in development mode"}
{"level":30,"time":1761715663066,"pid":26024,"hostname":"Leonardo","msg":"http://localhost:3000"}
{"level":30,"time":1761715663094,"pid":26024,"hostname":"Leonardo","msg":"Prisma connected to the database"}
{"level":30,"time":1761715735392,"pid":34836,"hostname":"Leonardo","msg":"Server listen on port: 3000 in development mode"}
{"level":30,"time":1761715735393,"pid":34836,"hostname":"Leonardo","msg":"http://localhost:3000"}
{"level":30,"time":1761715735434,"pid":34836,"hostname":"Leonardo","msg":"Prisma connected to the database"}
{"level":30,"time":1761715969232,"pid":36544,"hostname":"Leonardo","msg":"Server listen on port: 3000 in development mode"}
{"level":30,"time":1761715969232,"pid":36544,"hostname":"Leonardo","msg":"http://localhost:3000"}
{"level":30,"time":1761715969261,"pid":36544,"hostname":"Leonardo","msg":"Prisma connected to the database"}
{"level":30,"time":1761716058508,"pid":28552,"hostname":"Leonardo","msg":"Server listen on port: 3000 in development mode"}
{"level":30,"time":1761716058509,"pid":28552,"hostname":"Leonardo","msg":"http://localhost:3000"}
{"level":30,"time":1761716058536,"pid":28552,"hostname":"Leonardo","msg":"Prisma connected to the database"}
{"level":30,"time":1761716526672,"pid":31040,"hostname":"Leonardo","msg":"Server listen on port: 3000 in development mode"}
{"level":30,"time":1761716526673,"pid":31040,"hostname":"Leonardo","msg":"http://localhost:3000"}
{"level":30,"time":1761716526710,"pid":31040,"hostname":"Leonardo","msg":"Prisma connected to the database"}
{"level":30,"time":1761716586498,"pid":31040,"hostname":"Leonardo","msg":"Prisma disconnected on SIGINT"}
